// Jest Snapshot v1, https://goo.gl/fbAQLP

exports[`ImageElement renders correctly 1`] = `
<DocumentFragment>
  .c0 {
  -webkit-transition: -webkit-transform 100ms ease-out;
  -webkit-transition: transform 100ms ease-out;
  transition: transform 100ms ease-out;
  will-change: transform;
}

.c1 {
  background-image: url("/path/to/image.jpg");
  background-repeat: no-repeat;
  background-size: 500% 100%;
  -webkit-filter: grayscale(0%);
  filter: grayscale(0%);
  height: 100%;
}

@media (prefers-reduced-motion:no-preference) {
  .c0:hover {
    -webkit-transform: translateY(-1rem);
    -ms-transform: translateY(-1rem);
    transform: translateY(-1rem);
  }

  .c0:hover::before {
    content: "";
    position: absolute;
    top: 0;
    left: 0;
    right: 0;
    bottom: -1rem;
    z-index: -1;
  }
}

<div
    class="c0 c1"
    data-value="4"
    style="background-position: 75% 0%;"
  />
</DocumentFragment>
`;
