// Jest Snapshot v1, https://goo.gl/fbAQLP

exports[`Selection Sort sort returns a trace containing the correct array steps 1`] = `
Array [
  Array [
    6,
    5,
    10,
    9,
    8,
    4,
    7,
    3,
    1,
    2,
  ],
  Array [
    6,
    5,
    10,
    9,
    8,
    4,
    7,
    3,
    1,
    2,
  ],
  Array [
    6,
    5,
    10,
    9,
    8,
    4,
    7,
    3,
    1,
    2,
  ],
  Array [
    6,
    5,
    10,
    9,
    8,
    4,
    7,
    3,
    1,
    2,
  ],
  Array [
    6,
    5,
    10,
    9,
    8,
    4,
    7,
    3,
    1,
    2,
  ],
  Array [
    6,
    5,
    10,
    9,
    8,
    4,
    7,
    3,
    1,
    2,
  ],
  Array [
    6,
    5,
    10,
    9,
    8,
    4,
    7,
    3,
    1,
    2,
  ],
  Array [
    6,
    5,
    10,
    9,
    8,
    4,
    7,
    3,
    1,
    2,
  ],
  Array [
    6,
    5,
    10,
    9,
    8,
    4,
    7,
    3,
    1,
    2,
  ],
  Array [
    6,
    5,
    10,
    9,
    8,
    4,
    7,
    3,
    1,
    2,
  ],
  Array [
    1,
    5,
    10,
    9,
    8,
    4,
    7,
    3,
    6,
    2,
  ],
  Array [
    1,
    5,
    10,
    9,
    8,
    4,
    7,
    3,
    6,
    2,
  ],
  Array [
    1,
    5,
    10,
    9,
    8,
    4,
    7,
    3,
    6,
    2,
  ],
  Array [
    1,
    5,
    10,
    9,
    8,
    4,
    7,
    3,
    6,
    2,
  ],
  Array [
    1,
    5,
    10,
    9,
    8,
    4,
    7,
    3,
    6,
    2,
  ],
  Array [
    1,
    5,
    10,
    9,
    8,
    4,
    7,
    3,
    6,
    2,
  ],
  Array [
    1,
    5,
    10,
    9,
    8,
    4,
    7,
    3,
    6,
    2,
  ],
  Array [
    1,
    5,
    10,
    9,
    8,
    4,
    7,
    3,
    6,
    2,
  ],
  Array [
    1,
    5,
    10,
    9,
    8,
    4,
    7,
    3,
    6,
    2,
  ],
  Array [
    1,
    2,
    10,
    9,
    8,
    4,
    7,
    3,
    6,
    5,
  ],
  Array [
    1,
    2,
    10,
    9,
    8,
    4,
    7,
    3,
    6,
    5,
  ],
  Array [
    1,
    2,
    10,
    9,
    8,
    4,
    7,
    3,
    6,
    5,
  ],
  Array [
    1,
    2,
    10,
    9,
    8,
    4,
    7,
    3,
    6,
    5,
  ],
  Array [
    1,
    2,
    10,
    9,
    8,
    4,
    7,
    3,
    6,
    5,
  ],
  Array [
    1,
    2,
    10,
    9,
    8,
    4,
    7,
    3,
    6,
    5,
  ],
  Array [
    1,
    2,
    10,
    9,
    8,
    4,
    7,
    3,
    6,
    5,
  ],
  Array [
    1,
    2,
    10,
    9,
    8,
    4,
    7,
    3,
    6,
    5,
  ],
  Array [
    1,
    2,
    3,
    9,
    8,
    4,
    7,
    10,
    6,
    5,
  ],
  Array [
    1,
    2,
    3,
    9,
    8,
    4,
    7,
    10,
    6,
    5,
  ],
  Array [
    1,
    2,
    3,
    9,
    8,
    4,
    7,
    10,
    6,
    5,
  ],
  Array [
    1,
    2,
    3,
    9,
    8,
    4,
    7,
    10,
    6,
    5,
  ],
  Array [
    1,
    2,
    3,
    9,
    8,
    4,
    7,
    10,
    6,
    5,
  ],
  Array [
    1,
    2,
    3,
    9,
    8,
    4,
    7,
    10,
    6,
    5,
  ],
  Array [
    1,
    2,
    3,
    9,
    8,
    4,
    7,
    10,
    6,
    5,
  ],
  Array [
    1,
    2,
    3,
    4,
    8,
    9,
    7,
    10,
    6,
    5,
  ],
  Array [
    1,
    2,
    3,
    4,
    8,
    9,
    7,
    10,
    6,
    5,
  ],
  Array [
    1,
    2,
    3,
    4,
    8,
    9,
    7,
    10,
    6,
    5,
  ],
  Array [
    1,
    2,
    3,
    4,
    8,
    9,
    7,
    10,
    6,
    5,
  ],
  Array [
    1,
    2,
    3,
    4,
    8,
    9,
    7,
    10,
    6,
    5,
  ],
  Array [
    1,
    2,
    3,
    4,
    8,
    9,
    7,
    10,
    6,
    5,
  ],
  Array [
    1,
    2,
    3,
    4,
    5,
    9,
    7,
    10,
    6,
    8,
  ],
  Array [
    1,
    2,
    3,
    4,
    5,
    9,
    7,
    10,
    6,
    8,
  ],
  Array [
    1,
    2,
    3,
    4,
    5,
    9,
    7,
    10,
    6,
    8,
  ],
  Array [
    1,
    2,
    3,
    4,
    5,
    9,
    7,
    10,
    6,
    8,
  ],
  Array [
    1,
    2,
    3,
    4,
    5,
    9,
    7,
    10,
    6,
    8,
  ],
  Array [
    1,
    2,
    3,
    4,
    5,
    6,
    7,
    10,
    9,
    8,
  ],
  Array [
    1,
    2,
    3,
    4,
    5,
    6,
    7,
    10,
    9,
    8,
  ],
  Array [
    1,
    2,
    3,
    4,
    5,
    6,
    7,
    10,
    9,
    8,
  ],
  Array [
    1,
    2,
    3,
    4,
    5,
    6,
    7,
    10,
    9,
    8,
  ],
  Array [
    1,
    2,
    3,
    4,
    5,
    6,
    7,
    10,
    9,
    8,
  ],
  Array [
    1,
    2,
    3,
    4,
    5,
    6,
    7,
    10,
    9,
    8,
  ],
  Array [
    1,
    2,
    3,
    4,
    5,
    6,
    7,
    8,
    9,
    10,
  ],
  Array [
    1,
    2,
    3,
    4,
    5,
    6,
    7,
    8,
    9,
    10,
  ],
  Array [
    1,
    2,
    3,
    4,
    5,
    6,
    7,
    8,
    9,
    10,
  ],
]
`;
