// Jest Snapshot v1, https://goo.gl/fbAQLP

exports[`ArrayView renders correctly 1`] = `
.c1 {
  background-color: #4c566a;
  color: white;
  overflow: hidden;
  font-size: 0;
  text-align: center;
}

.c1:hover {
  background-color: #ebcb8b;
}

.c0 {
  display: grid;
  grid-template-columns: repeat(5,1fr);
  -webkit-column-gap: 1px;
  column-gap: 1px;
  -webkit-align-items: end;
  -webkit-box-align: end;
  -ms-flex-align: end;
  align-items: end;
  height: 30vh;
}

<div
  className="c0"
>
  <div
    className="c1"
    style={
      Object {
        "fontSize": "0px",
        "height": "80%",
      }
    }
  >
    4
  </div>
  <div
    className="c1"
    style={
      Object {
        "fontSize": "0px",
        "height": "40%",
      }
    }
  >
    2
  </div>
  <div
    className="c1"
    style={
      Object {
        "fontSize": "0px",
        "height": "100%",
      }
    }
  >
    5
  </div>
  <div
    className="c1"
    style={
      Object {
        "fontSize": "0px",
        "height": "20%",
      }
    }
  >
    1
  </div>
  <div
    className="c1"
    style={
      Object {
        "fontSize": "0px",
        "height": "60%",
      }
    }
  >
    3
  </div>
</div>
`;
