// Jest Snapshot v1, https://goo.gl/fbAQLP

exports[`ImageArrayView renders correctly 1`] = `
<DocumentFragment>
  .c0 {
  display: grid;
  grid-template-columns: repeat(5,1fr);
  -webkit-align-items: end;
  -webkit-box-align: end;
  -ms-flex-align: end;
  align-items: end;
  height: 30vh;
}

.c1 {
  -webkit-transition: -webkit-transform 100ms ease-out;
  -webkit-transition: transform 100ms ease-out;
  transition: transform 100ms ease-out;
}

.c2 {
  background-image: url("/path/to/image.jpg");
  background-repeat: no-repeat;
  background-size: 500% 100%;
  -webkit-filter: grayscale(100%);
  filter: grayscale(100%);
  height: 100%;
  -webkit-transform: translateZ(0);
  -ms-transform: translateZ(0);
  transform: translateZ(0);
}

.c3 {
  background-image: url("/path/to/image.jpg");
  background-repeat: no-repeat;
  background-size: 500% 100%;
  -webkit-filter: grayscale(0%);
  filter: grayscale(0%);
  height: 100%;
  -webkit-transform: translateZ(0);
  -ms-transform: translateZ(0);
  transform: translateZ(0);
}

@media (prefers-reduced-motion:no-preference) {
  .c1:hover {
    -webkit-transform: translateY(-1rem);
    -ms-transform: translateY(-1rem);
    transform: translateY(-1rem);
  }

  .c1:hover::before {
    content: "";
    position: absolute;
    top: 0;
    left: 0;
    right: 0;
    bottom: -1rem;
    z-index: -1;
  }
}

<div
    class="c0"
  >
    <div
      class="c1 c2"
      data-value="4"
      style="background-position: 75% 0%;"
    />
    <div
      class="c1 c2"
      data-value="2"
      style="background-position: 25% 0%;"
    />
    <div
      class="c1 c2"
      data-value="5"
      style="background-position: 100% 0%;"
    />
    <div
      class="c1 c3"
      data-value="1"
      style="background-position: 0% 0%;"
    />
    <div
      class="c1 c3"
      data-value="3"
      style="background-position: 50% 0%;"
    />
  </div>
</DocumentFragment>
`;
