// Jest Snapshot v1, https://goo.gl/fbAQLP

exports[`NumberArrayView renders correctly 1`] = `
.c0 {
  display: grid;
  grid-template-columns: repeat(5,1fr);
  -webkit-column-gap: 1px;
  column-gap: 1px;
  -webkit-align-items: end;
  -webkit-box-align: end;
  -ms-flex-align: end;
  align-items: end;
  height: 30vh;
}

.c1 {
  background-color: #4c566a;
  color: white;
  -webkit-transition: -webkit-transform 100ms ease-out;
  -webkit-transition: transform 100ms ease-out;
  transition: transform 100ms ease-out;
}

.c1:hover {
  -webkit-transform: translateY(-1rem);
  -ms-transform: translateY(-1rem);
  transform: translateY(-1rem);
}

.c1:hover::before {
  content: "";
  position: absolute;
  top: 0;
  left: 0;
  right: 0;
  bottom: -1rem;
  z-index: -1;
}

.c2 {
  font-size: 0;
  text-align: center;
}

.c3 {
  display: block;
  height: 100%;
  overflow: hidden;
}

<div
  className="c0"
>
  <div
    className="c1 c2"
    style={
      Object {
        "fontSize": "0px",
        "height": "80%",
      }
    }
  >
    <span
      className="c3"
    >
      4
    </span>
  </div>
  <div
    className="c1 c2"
    style={
      Object {
        "fontSize": "0px",
        "height": "40%",
      }
    }
  >
    <span
      className="c3"
    >
      2
    </span>
  </div>
  <div
    className="c1 c2"
    style={
      Object {
        "fontSize": "0px",
        "height": "100%",
      }
    }
  >
    <span
      className="c3"
    >
      5
    </span>
  </div>
  <div
    className="c1 c2"
    style={
      Object {
        "fontSize": "0px",
        "height": "20%",
      }
    }
  >
    <span
      className="c3"
    >
      1
    </span>
  </div>
  <div
    className="c1 c2"
    style={
      Object {
        "fontSize": "0px",
        "height": "60%",
      }
    }
  >
    <span
      className="c3"
    >
      3
    </span>
  </div>
</div>
`;
